// Jest Snapshot v1, https://goo.gl/fbAQLP

exports[`Internal#<Field /> Should be styled component 1`] = `
.c0 {
  display: block;
  position: relative;
  margin: 0;
  font-size: 1rem;
}

<div
  className="c0"
/>
`;
