// Jest Snapshot v1, https://goo.gl/fbAQLP

exports[`Internal#<SelectControl /> Should be styled component 1`] = `
.c0 {
  box-sizing: border-box;
  display: block;
  width: 100%;
  height: 2.7em;
  -webkit-appearance: none;
  -moz-appearance: none;
  appearance: none;
  margin: 0;
  padding: 0.3em 0.7em;
  background: rgb(255,255,255);
  border-style: solid;
  border-width: 1px;
  border-color: rgb(219,219,219);
  border-radius: 3px;
  box-shadow: 0 0 0 transparent;
  color: rgb(54,54,54);
  vertical-align: top;
  font-size: 1rem;
  font-family: inherit;
  line-height: 1.4;
  -webkit-transition-property: color,box-shadow,border;
  transition-property: color,box-shadow,border;
  -webkit-transition-duration: 110ms;
  transition-duration: 110ms;
  -webkit-transition-timing-function: cubic-bezier(.25,.46,.45,.94);
  transition-timing-function: cubic-bezier(.25,.46,.45,.94);
  height: 2.7em;
}

.c0:not(:disabled):hover {
  background: rgb(255,255,255);
  border-color: rgb(204,204,204);
}

.c0:not(:disabled):focus {
  outline: none;
  background: rgb(255,255,255);
  border-color: rgb(0,188,212);
  box-shadow: 0 2px 2px rgba(0,0,0,0.04) inset;
}

.c0:disabled {
  color: rgb(204,204,204);
  background: rgb(245,245,245);
  border-color: rgb(245,245,245);
  cursor: not-allowed;
}

<select
  className="c0"
/>
`;
